
> vite_react_shadcn_ts@0.0.0 build
> vite build

[36mvite v5.4.19 [32mbuilding for production...[36m[39m
transforming...
node.exe : Browserslist: browsers data 
(caniuse-lite) is 7 months old. Please run:
At line:1 char:1
+ & "C:\Program Files\nodejs/node.exe" 
"C:\Program Files\nodejs/node_mo ...
+ ~~~~~~~~~~~~~~~~~~~~~~~~~~~~~~~~~~~~~~~~~
~~~~~~~~~~~~~~~~~~~~~~~~~~~~
    + CategoryInfo          : NotSpecified 
   : (Browserslist: b...ld. Please run::S  
  tring) [], RemoteException
    + FullyQualifiedErrorId : NativeComman 
   dError
 
  npx update-browserslist-db@latest
  Why you should do it regularly: https://g
ithub.com/browserslist/update-db#readme
[32mΓ£ô[39m 3428 modules transformed.
[31mx[39m Build failed in 5.21s
[31merror during build:
[31msrc/components/github/CreateBranchModa
l.tsx (31:26): "useRepositoryBranches" is 
not exported by "src/hooks/useGithub.ts", 
imported by "src/components/github/CreateBr
anchModal.tsx".[31m
file: [36mD:/teamtune-frontend/harmonious-
team-insights/src/components/github/CreateB
ranchModal.tsx:31:26[31m
[33m
29:     SelectValue,
30: } from '@/components/ui/select';
31: import { useCreateBranch, 
useRepositoryBranches } from 
'@/hooks/useGithub';
                              ^
32: import { toast } from 
'@/hooks/use-toast';
33: import { Loader2, GitBranch } from 
'lucide-react';
[31m
    at getRollupError (file:///D:/teamtune-
frontend/harmonious-team-insights/node_modu
les/rollup/dist/es/shared/parseAst.js:395:4
1)
    at error (file:///D:/teamtune-frontend/
harmonious-team-insights/node_modules/rollu
p/dist/es/shared/parseAst.js:391:42)
    at Module.error (file:///D:/teamtune-fr
ontend/harmonious-team-insights/node_module
s/rollup/dist/es/shared/node-entry.js:15535
:16)
    at Module.traceVariable (file:///D:/tea
mtune-frontend/harmonious-team-insights/nod
e_modules/rollup/dist/es/shared/node-entry.
js:15984:29)
    at ModuleScope.findVariable (file:///D:
/teamtune-frontend/harmonious-team-insights
/node_modules/rollup/dist/es/shared/node-en
try.js:13770:39)
    at FunctionScope.findVariable (file:///
D:/teamtune-frontend/harmonious-team-insigh
ts/node_modules/rollup/dist/es/shared/node-
entry.js:5252:38)
    at FunctionBodyScope.findVariable (file
:///D:/teamtune-frontend/harmonious-team-in
sights/node_modules/rollup/dist/es/shared/n
ode-entry.js:5252:38)
    at Identifier.bind (file:///D:/teamtune
-frontend/harmonious-team-insights/node_mod
ules/rollup/dist/es/shared/node-entry.js:50
35:40)
    at CallExpression.bind (file:///D:/team
tune-frontend/harmonious-team-insights/node
_modules/rollup/dist/es/shared/node-entry.j
s:2855:23)
    at CallExpression.bind (file:///D:/team
tune-frontend/harmonious-team-insights/node
_modules/rollup/dist/es/shared/node-entry.j
s:11235:15)[39m
